
> frontend@0.1.0 start
> react-scripts start

Starting the development server...

Compiled successfully!

You can now view frontend in the browser.

  Local:            http://localhost:3000
  On Your Network:  http://192.168.1.6:3000

Note that the development build is not optimized.
To create a production build, use npm run build.

webpack compiled [1m[32msuccessfully[39m[22m
No issues found.
Failed to compile.

Module not found: Error: Can't resolve './App' in 'C:\Users\tanis\PycharmProjects\Hermes\frontend\src'
[1m[31mERROR[39m[22m in [1m./src/index.tsx[39m[22m [1m[32m7:0-24[39m[22m
[1mModule [1m[31mnot found[39m[22m[1m: [1m[31mError[39m[22m[1m: Can't resolve './App' in 'C:\Users\tanis\PycharmProjects\Hermes\frontend\src'[39m[22m

webpack compiled with [1m[31m1 error[39m[22m
Files successfully emitted, waiting for typecheck results...
Issues checking in progress...
Compiling...
Compiled successfully!
webpack compiled [1m[32msuccessfully[39m[22m
Files successfully emitted, waiting for typecheck results...
Issues checking in progress...
No issues found.
Compiling...
Compiled successfully!
webpack compiled [1m[32msuccessfully[39m[22m
No issues found.
Failed to compile.

Module not found: Error: Can't resolve './App.css' in 'C:\Users\tanis\PycharmProjects\Hermes\frontend\src'
[1m[31mERROR[39m[22m in [1m./src/App.tsx[39m[22m [1m[32m5:0-19[39m[22m
[1mModule [1m[31mnot found[39m[22m[1m: [1m[31mError[39m[22m[1m: Can't resolve './App.css' in 'C:\Users\tanis\PycharmProjects\Hermes\frontend\src'[39m[22m

webpack compiled with [1m[31m1 error[39m[22m
No issues found.
Compiling...
Compiled successfully!
webpack compiled [1m[32msuccessfully[39m[22m
No issues found.
Compiling...
Compiled successfully!
webpack compiled [1m[32msuccessfully[39m[22m
No issues found.
Compiling...
Compiled successfully!
webpack compiled [1m[32msuccessfully[39m[22m
No issues found.
Compiling...
Compiled successfully!
webpack compiled [1m[32msuccessfully[39m[22m
No issues found.
